Prog(
  BinOp[AND](
    Token(TRUE)
    Token(FALSE)
  )
)
