Prog(
  RelOp[GTE](
    Token(INT(5))
    Token(INT(5))
  )
)
