Prog(
  RelOp[GT](
    Token(INT(7))
    Token(INT(5))
  )
)
