Prog(
  RelOp[LTE](
    Token(INT(5))
    Token(INT(5))
  )
)
