Prog(
  BinOp[OR](
    UnaryOp[NOT](
      Token(TRUE)
    )
    Token(FALSE)
  )
)
